Microchip MPLAB XC8 Compiler V2.32

Linker command line:

-W-3 --edf=C:\Program Files\Microchip\xc8\v2.32\pic\dat\en_msgs.txt -cn \
  -h+dist/default/production\Lab_9__LCD_.X.production.sym \
  --cmf=dist/default/production\Lab_9__LCD_.X.production.cmf -z -Q18F452 \
  -oC:\Users\HUSNAI~1\AppData\Local\Temp\xcAsa2o.4 \
  -Mdist/default/production/Lab_9__LCD_.X.production.map -E1 \
  -ver=XC8 Compiler -ASTACK=080h-05FFh -pstack=STACK -ACODE=00h-03FFFhx2 \
  -ACONST=00h-07FFFh -ASMALLCONST=0600h-06FFhx122 \
  -AMEDIUMCONST=0600h-07FFFh -ACOMRAM=01h-07Fh -AABS1=00h-05FFh \
  -ABIGRAM=01h-05FFh -ARAM=080h-0FFh,0100h-01FFhx5 -ABANK0=080h-0FFh \
  -ABANK1=0100h-01FFh -ABANK2=0200h-02FFh -ABANK3=0300h-03FFh \
  -ABANK4=0400h-04FFh -ABANK5=0500h-05FFh -ASFR=0F80h-0FFFh \
  -ACONFIG=0300000h-030000Dh -AIDLOC=0200000h-0200007h \
  -AEEDATA=0F00000h-0F000FFh -peeprom_data=EEDATA \
  -preset_vec=00h,intcode,intcodelo,powerup,init -pramtop=0600h \
  -psmallconst=SMALLCONST -pmediumconst=MEDIUMCONST -pconst=CONST \
  -AFARRAM=00h-00h \
  -prdata=COMRAM,nvrram=COMRAM,nvbit=COMRAM,rbss=COMRAM,rbit=COMRAM \
  -pfarbss=FARRAM,fardata=FARRAM,nvFARRAM=FARRAM \
  -pintsave_regs=BIGRAM,bigbss=BIGRAM,bigdata=BIGRAM -pbss=RAM \
  -pidata=CODE,irdata=CODE,ibigdata=CODE,ifardata=CODE -prparam=COMRAM \
  C:\Users\HUSNAI~1\AppData\Local\Temp\xcAsa2o.obj \
  dist/default/production\Lab_9__LCD_.X.production.obj 

Object code version is 3.11

Machine type is 18F452



                Name                               Link     Load   Length Selector   Space Scale
C:\Users\HUSNAI~1\AppData\Local\Temp\xcAsa2o.obj
                idloc                            200000   200000        8        0       5
                config                           300000   300000        E        0       4
                text                               3C02     3C02        2     1E01       0
                init                                  2        2        4        0       0
                reset_vec                             0        0        2        0       0
dist/default/production\Lab_9__LCD_.X.production.obj
                idloc                            200000   200000        8        0       5
                config                           300000   300000        E        0       4
                text8                              3CEC     3CEC       46     1E76       0
                text7                              3C48     3C48       32     1E24       0
                text6                              3DB6     3DB6       98     1EDB       0
                text5                              3D32     3D32       84     1E99       0
                text4                              3E4E     3E4E       C8     1F27       0
                text3                              3CAC     3CAC       40     1E56       0
                text2                              3C08     3C08       20     1E04       0
                text1                              3C28     3C28       20     1E14       0
                text0                              3F16     3F16       EA     1F8B       0
                cstackCOMRAM                          B        B        A        1       1
                dataCOMRAM                           15       15        4        1       1
                bssCOMRAM                             1        1        A        1       1
                cinit                              3C7A     3C7A       32     1E3D       0
                idataCOMRAM                        3C04     3C04        4     3C04       0

TOTAL           Name                               Link     Load   Length     Space
        CLASS   STACK          

        CLASS   CODE           
                text                               3C02     3C02        2         0
                init                                  2        2        4         0
                reset_vec                             0        0        2         0
                text8                              3CEC     3CEC       46         0
                text7                              3C48     3C48       32         0
                text6                              3DB6     3DB6       98         0
                text5                              3D32     3D32       84         0
                text4                              3E4E     3E4E       C8         0
                text3                              3CAC     3CAC       40         0
                text2                              3C08     3C08       20         0
                text1                              3C28     3C28       20         0
                text0                              3F16     3F16       EA         0
                cinit                              3C7A     3C7A       32         0
                idataCOMRAM                        3C04     3C04        4         0

        CLASS   CONST          

        CLASS   SMALLCONST     

        CLASS   MEDIUMCONST    

        CLASS   COMRAM         
                cstackCOMRAM                          B        B        A         1
                dataCOMRAM                           15       15        4         1
                bssCOMRAM                             1        1        A         1

        CLASS   ABS1           

        CLASS   BIGRAM         

        CLASS   RAM            

        CLASS   BANK0          

        CLASS   BANK1          

        CLASS   BANK2          

        CLASS   BANK3          

        CLASS   BANK4          

        CLASS   BANK5          

        CLASS   SFR            

        CLASS   CONFIG         
                config                           300000   300000        E         4

        CLASS   IDLOC          
                idloc                            200000   200000        8         5

        CLASS   EEDATA         

        CLASS   FARRAM         



SEGMENTS        Name                           Load    Length   Top    Selector   Space  Class

                reset_vec                      000000  000006  000006         0       0  CODE    
                bssCOMRAM                      000001  000018  000019         1       1  COMRAM  
                text                           003C02  000002  003C04      1E01       0  CODE    
                idataCOMRAM                    003C04  000004  003C08      3C04       0  CODE    
                text2                          003C08  000020  003C28      1E04       0  CODE    
                text1                          003C28  000020  003C48      1E14       0  CODE    
                text7                          003C48  000032  003C7A      1E24       0  CODE    
                cinit                          003C7A  000032  003CAC      1E3D       0  CODE    
                text3                          003CAC  000040  003CEC      1E56       0  CODE    
                text8                          003CEC  000046  003D32      1E76       0  CODE    
                text5                          003D32  000084  003DB6      1E99       0  CODE    
                text6                          003DB6  000098  003E4E      1EDB       0  CODE    
                text4                          003E4E  0000C8  003F16      1F27       0  CODE    
                text0                          003F16  0000EA  004000      1F8B       0  CODE    


UNUSED ADDRESS RANGES

        Name                Unused          Largest block    Delta
        BANK0            000080-0000FF               80
        BANK1            000100-0001FF              100
        BANK2            000200-0002FF              100
        BANK3            000300-0003FF              100
        BANK4            000400-0004FF              100
        BANK5            000500-0005FF              100
        BIGRAM           000019-0005FF              5E7
        CODE             000006-003C01             3BFC
                         004000-007FFF             4000
        COMRAM           000019-00007F               67
        CONST            000006-003C01             3BFC
                         004000-007FFF             4000
        EEDATA           F00000-F000FF              100
        MEDIUMCONST      000600-003C01             3602
                         004000-007FFF             4000
        RAM              000080-0005FF              100
        SFR              000F80-000FFF               80
        SMALLCONST       000600-003C01              100
                         004000-007FFF              100
        STACK            000080-0005FF              580

                                  Symbol Table

?___awdiv                                                           cstackCOMRAM 00000B
?___awmod                                                           cstackCOMRAM 00000B
Delay@i                                                             cstackCOMRAM 00000B
Delay@j                                                             cstackCOMRAM 00000D
Delay@k                                                             cstackCOMRAM 00000F
MSDelay@i                                                           cstackCOMRAM 00000D
MSDelay@itime                                                       cstackCOMRAM 00000B
MSDelay@j                                                           cstackCOMRAM 00000F
_ADCHigher                                                          dataCOMRAM   000015
_ADCLower                                                           dataCOMRAM   000017
_ADCON0                                                             (abs)        000FC2
_ADCON0bits                                                         (abs)        000FC2
_ADCON1                                                             (abs)        000FC1
_ADC_CONV                                                           text7        003C48
_ADRESH                                                             (abs)        000FC4
_ADRESL                                                             (abs)        000FC3
_Delay                                                              text8        003CEC
_MSDelay                                                            text3        003CAC
_PORTBbits                                                          (abs)        000F81
_PORTD                                                              (abs)        000F83
_Seperate_Digit                                                     text4        003E4E
_TRISAbits                                                          (abs)        000F92
_TRISB                                                              (abs)        000F93
_TRISD                                                              (abs)        000F95
__HRAM                                                              (abs)        000000
__Habs1                                                             abs1         000000
__Hbank0                                                            bank0        000000
__Hbank1                                                            bank1        000000
__Hbank2                                                            bank2        000000
__Hbank3                                                            bank3        000000
__Hbank4                                                            bank4        000000
__Hbank5                                                            bank5        000000
__Hbigbss                                                           bigbss       000000
__Hbigdata                                                          bigdata      000000
__Hbigram                                                           bigram       000000
__Hbss                                                              bss          000000
__HbssCOMRAM                                                        bssCOMRAM    000000
__Hcinit                                                            cinit        000000
__Hclrtext                                                          clrtext      000000
__Hcomram                                                           comram       000000
__Hconfig                                                           config       30000E
__Hconst                                                            const        000000
__HcstackCOMRAM                                                     cstackCOMRAM 000000
__Hdata                                                             data         000000
__HdataCOMRAM                                                       dataCOMRAM   000000
__Heeprom_data                                                      eeprom_data  000000
__Hfarbss                                                           farbss       000000
__Hfardata                                                          fardata      000000
__Hibigdata                                                         ibigdata     000000
__Hidata                                                            idata        000000
__HidataCOMRAM                                                      idataCOMRAM  000000
__Hidloc                                                            idloc        200008
__Hifardata                                                         ifardata     000000
__Hinit                                                             init         000006
__Hintcode                                                          intcode      000002
__Hintcode_body                                                     intcode_body 000000
__Hintcodelo                                                        intcodelo    000002
__Hintentry                                                         intentry     000000
__Hintret                                                           intret       000000
__Hintsave_regs                                                     intsave_regs 000000
__Hirdata                                                           irdata       000000
__Hmediumconst                                                      mediumconst  000000
__HnvFARRAM                                                         nvFARRAM     000000
__Hnvbit                                                            nvbit        000000
__Hnvrram                                                           nvrram       000000
__Hparam                                                            rparam       000000
__Hpowerup                                                          powerup      000002
__Hram                                                              ram          000000
__Hramtop                                                           ramtop       000600
__Hrbit                                                             rbit         000000
__Hrbss                                                             rbss         000000
__Hrdata                                                            rdata        000000
__Hreset_vec                                                        reset_vec    000002
__Hrparam                                                           rparam       000000
__Hsfr                                                              sfr          000000
__Hsmallconst                                                       smallconst   000000
__Hspace_0                                                          (abs)        004000
__Hspace_1                                                          (abs)        000019
__Hspace_2                                                          (abs)        000000
__Hspace_4                                                          (abs)        60000E
__Hstack                                                            stack        000000
__Hstruct                                                           struct       000000
__Htemp                                                             temp         000000
__Htext                                                             text         000000
__Htext0                                                            text0        000000
__Htext1                                                            text1        000000
__Htext2                                                            text2        000000
__Htext3                                                            text3        000000
__Htext4                                                            text4        000000
__Htext5                                                            text5        000000
__Htext6                                                            text6        000000
__Htext7                                                            text7        000000
__Htext8                                                            text8        000000
__LRAM                                                              (abs)        000001
__Labs1                                                             abs1         000000
__Lbank0                                                            bank0        000000
__Lbank1                                                            bank1        000000
__Lbank2                                                            bank2        000000
__Lbank3                                                            bank3        000000
__Lbank4                                                            bank4        000000
__Lbank5                                                            bank5        000000
__Lbigbss                                                           bigbss       000000
__Lbigdata                                                          bigdata      000000
__Lbigram                                                           bigram       000000
__Lbss                                                              bss          000000
__LbssCOMRAM                                                        bssCOMRAM    000000
__Lcinit                                                            cinit        000000
__Lclrtext                                                          clrtext      000000
__Lcomram                                                           comram       000000
__Lconfig                                                           config       000000
__Lconst                                                            const        000000
__LcstackCOMRAM                                                     cstackCOMRAM 000000
__Ldata                                                             data         000000
__LdataCOMRAM                                                       dataCOMRAM   000000
__Leeprom_data                                                      eeprom_data  000000
__Lfarbss                                                           farbss       000000
__Lfardata                                                          fardata      000000
__Libigdata                                                         ibigdata     000000
__Lidata                                                            idata        000000
__LidataCOMRAM                                                      idataCOMRAM  000000
__Lidloc                                                            idloc        000000
__Lifardata                                                         ifardata     000000
__Linit                                                             init         000002
__Lintcode                                                          intcode      000002
__Lintcode_body                                                     intcode_body 000000
__Lintcodelo                                                        intcodelo    000002
__Lintentry                                                         intentry     000000
__Lintret                                                           intret       000000
__Lintsave_regs                                                     intsave_regs 000000
__Lirdata                                                           irdata       000000
__Lmediumconst                                                      mediumconst  000000
__LnvFARRAM                                                         nvFARRAM     000000
__Lnvbit                                                            nvbit        000000
__Lnvrram                                                           nvrram       000000
__Lparam                                                            rparam       000000
__Lpowerup                                                          powerup      000002
__Lram                                                              ram          000000
__Lramtop                                                           ramtop       000600
__Lrbit                                                             rbit         000000
__Lrbss                                                             rbss         000000
__Lrdata                                                            rdata        000000
__Lreset_vec                                                        reset_vec    000000
__Lrparam                                                           rparam       000000
__Lsfr                                                              sfr          000000
__Lsmallconst                                                       smallconst   000000
__Lspace_0                                                          (abs)        000000
__Lspace_1                                                          (abs)        000000
__Lspace_2                                                          (abs)        000000
__Lspace_4                                                          (abs)        000000
__Lstack                                                            stack        000000
__Lstruct                                                           struct       000000
__Ltemp                                                             temp         000000
__Ltext                                                             text         000000
__Ltext0                                                            text0        000000
__Ltext1                                                            text1        000000
__Ltext2                                                            text2        000000
__Ltext3                                                            text3        000000
__Ltext4                                                            text4        000000
__Ltext5                                                            text5        000000
__Ltext6                                                            text6        000000
__Ltext7                                                            text7        000000
__Ltext8                                                            text8        000000
__S0                                                                (abs)        004000
__S1                                                                (abs)        000019
__S2                                                                (abs)        000000
__S4                                                                (abs)        000000
__S5                                                                (abs)        000000
___awdiv                                                            text6        003DB6
___awdiv@counter                                                    cstackCOMRAM 00000F
___awdiv@dividend                                                   cstackCOMRAM 00000B
___awdiv@divisor                                                    cstackCOMRAM 00000D
___awdiv@quotient                                                   cstackCOMRAM 000011
___awdiv@sign                                                       cstackCOMRAM 000010
___awmod                                                            text5        003D32
___awmod@counter                                                    cstackCOMRAM 00000F
___awmod@dividend                                                   cstackCOMRAM 00000B
___awmod@divisor                                                    cstackCOMRAM 00000D
___awmod@sign                                                       cstackCOMRAM 000010
___inthi_sp                                                         stack        000000
___intlo_sp                                                         stack        000000
___param_bank                                                       (abs)        000000
___rparam_used                                                      (abs)        000001
___sp                                                               stack        000000
__accesstop                                                         (abs)        000080
__activetblptr                                                      (abs)        000000
__cntErrataNOP_C:\Users\HUSNAI~1\AppData\Local\Temp\xcAsa2o.obj     (abs)        000001
__cntErrataNOP_dist/default/production\Lab_9__LCD_.X.production.obj (abs)        000022
__end_of_ADC_CONV                                                   text7        003C7A
__end_of_Delay                                                      text8        003D30
__end_of_MSDelay                                                    text3        003CEC
__end_of_Seperate_Digit                                             text4        003F16
__end_of___awdiv                                                    text6        003E4E
__end_of___awmod                                                    text5        003DB6
__end_of__initialization                                            cinit        003CA6
__end_of_lcdcmd                                                     text2        003C28
__end_of_lcddata                                                    text1        003C48
__end_of_main                                                       text0        004000
__initialization                                                    cinit        003C7A
__mediumconst                                                       mediumconst  000000
__pbssCOMRAM                                                        bssCOMRAM    000001
__pcinit                                                            cinit        003C7A
__pcstackCOMRAM                                                     cstackCOMRAM 00000B
__pdataCOMRAM                                                       dataCOMRAM   000015
__pidataCOMRAM                                                      idataCOMRAM  003C04
__ptext0                                                            text0        003F16
__ptext1                                                            text1        003C28
__ptext2                                                            text2        003C08
__ptext3                                                            text3        003CAC
__ptext4                                                            text4        003E4E
__ptext5                                                            text5        003D32
__ptext6                                                            text6        003DB6
__ptext7                                                            text7        003C48
__ptext8                                                            text8        003CEC
__ramtop                                                            ramtop       000600
__size_of_ADC_CONV                                                  (abs)        000000
__size_of_Delay                                                     (abs)        000000
__size_of_MSDelay                                                   (abs)        000000
__size_of_Seperate_Digit                                            (abs)        000000
__size_of___awdiv                                                   (abs)        000000
__size_of___awmod                                                   (abs)        000000
__size_of_lcdcmd                                                    (abs)        000000
__size_of_lcddata                                                   (abs)        000000
__size_of_main                                                      (abs)        000000
__smallconst                                                        smallconst   000000
_finalNum                                                           bssCOMRAM    000009
_lcdcmd                                                             text2        003C08
_lcddata                                                            text1        003C28
_main                                                               text0        003F16
_num1                                                               bssCOMRAM    000007
_num2                                                               bssCOMRAM    000005
_num3                                                               bssCOMRAM    000003
_num4                                                               bssCOMRAM    000001
end_of_initialization                                               cinit        003CA6
intlevel0                                                           text         003C02
intlevel1                                                           text         003C02
intlevel2                                                           text         003C02
intlevel3                                                           text         003C02
isa$std                                                             (abs)        000001
isa$xinst                                                           (abs)        000000
lcdcmd@value                                                        cstackCOMRAM 000011
lcddata@value                                                       cstackCOMRAM 000011
stackhi                                                             (abs)        0005FF
stacklo                                                             (abs)        000080
start                                                               init         000002
start_initialization                                                cinit        003C7A


MODULE INFORMATION

Module		Function		Class		Link	Load	Size
C:\Program Files\Microchip\xc8\v2.32\pic\sources\c90\common\awmod.c
		___awmod       		CODE           	3D32	0000	132

C:\Program Files\Microchip\xc8\v2.32\pic\sources\c90\common\awmod.c estimated size: 132

shared
		__initialization		CODE           	3C7A	0000	44

shared estimated size: 44

C:\Program Files\Microchip\xc8\v2.32\pic\sources\c90\common\awdiv.c
		___awdiv       		CODE           	3DB6	0000	152

C:\Program Files\Microchip\xc8\v2.32\pic\sources\c90\common\awdiv.c estimated size: 152

main.c
		_main          		CODE           	3F16	0000	234
		_lcdcmd        		CODE           	3C08	0000	32
		_MSDelay       		CODE           	3CAC	0000	64
		_lcddata       		CODE           	3C28	0000	32
		_ADC_CONV      		CODE           	3C48	0000	50
		_Seperate_Digit		CODE           	3E4E	0000	200
		_Delay         		CODE           	3CEC	0000	68

main.c estimated size: 680

