Microchip MPLAB XC8 Compiler V2.32

Linker command line:

-W-3 --edf=C:\Program Files\Microchip\xc8\v2.32\pic\dat\en_msgs.txt -cn \
  -h+dist/default/production\ADC_Converter.X.production.sym \
  --cmf=dist/default/production\ADC_Converter.X.production.cmf -z -Q18F452 \
  -oC:\Users\HUSNAI~1\AppData\Local\Temp\xcAs1mg.4 \
  -Mdist/default/production/ADC_Converter.X.production.map -E1 \
  -ver=XC8 Compiler -ASTACK=080h-05FFh -pstack=STACK -ACODE=00h-03FFFhx2 \
  -ACONST=00h-07FFFh -ASMALLCONST=0600h-06FFhx122 \
  -AMEDIUMCONST=0600h-07FFFh -ACOMRAM=01h-07Fh -AABS1=00h-05FFh \
  -ABIGRAM=01h-05FFh -ARAM=080h-0FFh,0100h-01FFhx5 -ABANK0=080h-0FFh \
  -ABANK1=0100h-01FFh -ABANK2=0200h-02FFh -ABANK3=0300h-03FFh \
  -ABANK4=0400h-04FFh -ABANK5=0500h-05FFh -ASFR=0F80h-0FFFh \
  -ACONFIG=0300000h-030000Dh -AIDLOC=0200000h-0200007h \
  -AEEDATA=0F00000h-0F000FFh -peeprom_data=EEDATA \
  -preset_vec=00h,intcode,intcodelo,powerup,init -pramtop=0600h \
  -psmallconst=SMALLCONST -pmediumconst=MEDIUMCONST -pconst=CONST \
  -AFARRAM=00h-00h \
  -prdata=COMRAM,nvrram=COMRAM,nvbit=COMRAM,rbss=COMRAM,rbit=COMRAM \
  -pfarbss=FARRAM,fardata=FARRAM,nvFARRAM=FARRAM \
  -pintsave_regs=BIGRAM,bigbss=BIGRAM,bigdata=BIGRAM -pbss=RAM \
  -pidata=CODE,irdata=CODE,ibigdata=CODE,ifardata=CODE -prparam=COMRAM \
  C:\Users\HUSNAI~1\AppData\Local\Temp\xcAs1mg.obj \
  dist/default/production\ADC_Converter.X.production.obj 

Object code version is 3.11

Machine type is 18F452



                Name                               Link     Load   Length Selector   Space Scale
C:\Users\HUSNAI~1\AppData\Local\Temp\xcAs1mg.obj
                idloc                            200000   200000        8        0       5
                config                           300000   300000        E        0       4
                text                               3F72     3F72        2     1FB9       0
                init                                  2        2        4        0       0
                reset_vec                             0        0        2        0       0
dist/default/production\ADC_Converter.X.production.obj
                idloc                            200000   200000        8        0       5
                config                           300000   300000        E        0       4
                text1                              3FBA     3FBA       46     1FDD       0
                text0                              3F7A     3F7A       40     1FBD       0
                cstackCOMRAM                          1        1        6        1       1
                cinit                              3F74     3F74        6     1FBA       0

TOTAL           Name                               Link     Load   Length     Space
        CLASS   STACK          

        CLASS   CODE           
                text                               3F72     3F72        2         0
                init                                  2        2        4         0
                reset_vec                             0        0        2         0
                text1                              3FBA     3FBA       46         0
                text0                              3F7A     3F7A       40         0
                cinit                              3F74     3F74        6         0

        CLASS   CONST          

        CLASS   SMALLCONST     

        CLASS   MEDIUMCONST    

        CLASS   COMRAM         
                cstackCOMRAM                          1        1        6         1

        CLASS   ABS1           

        CLASS   BIGRAM         

        CLASS   RAM            

        CLASS   BANK0          

        CLASS   BANK1          

        CLASS   BANK2          

        CLASS   BANK3          

        CLASS   BANK4          

        CLASS   BANK5          

        CLASS   SFR            

        CLASS   CONFIG         
                config                           300000   300000        E         4

        CLASS   IDLOC          
                idloc                            200000   200000        8         5

        CLASS   EEDATA         

        CLASS   FARRAM         



SEGMENTS        Name                           Load    Length   Top    Selector   Space  Class

                reset_vec                      000000  000006  000006         0       0  CODE    
                cstackCOMRAM                   000001  000006  000007         1       1  COMRAM  
                text                           003F72  000002  003F74      1FB9       0  CODE    
                cinit                          003F74  000006  003F7A      1FBA       0  CODE    
                text0                          003F7A  000040  003FBA      1FBD       0  CODE    
                text1                          003FBA  000046  004000      1FDD       0  CODE    


UNUSED ADDRESS RANGES

        Name                Unused          Largest block    Delta
        BANK0            000080-0000FF               80
        BANK1            000100-0001FF              100
        BANK2            000200-0002FF              100
        BANK3            000300-0003FF              100
        BANK4            000400-0004FF              100
        BANK5            000500-0005FF              100
        BIGRAM           000007-0005FF              5F9
        CODE             000006-003F71             3F6C
                         004000-007FFF             4000
        COMRAM           000007-00007F               79
        CONST            000006-003F71             3F6C
                         004000-007FFF             4000
        EEDATA           F00000-F000FF              100
        MEDIUMCONST      000600-003F71             3972
                         004000-007FFF             4000
        RAM              000080-0005FF              100
        SFR              000F80-000FFF               80
        SMALLCONST       000600-003F71              100
                         004000-007FFF              100
        STACK            000080-0005FF              580

                                  Symbol Table

DELAY@i                                                               cstackCOMRAM 000001
DELAY@j                                                               cstackCOMRAM 000003
DELAY@k                                                               cstackCOMRAM 000005
_ADCON0                                                               (abs)        000FC2
_ADCON0bits                                                           (abs)        000FC2
_ADCON1                                                               (abs)        000FC1
_ADRESH                                                               (abs)        000FC4
_ADRESL                                                               (abs)        000FC3
_DELAY                                                                text1        003FBA
_PORTC                                                                (abs)        000F82
_PORTD                                                                (abs)        000F83
_TRISAbits                                                            (abs)        000F92
_TRISC                                                                (abs)        000F94
_TRISD                                                                (abs)        000F95
__HRAM                                                                (abs)        000000
__Habs1                                                               abs1         000000
__Hbank0                                                              bank0        000000
__Hbank1                                                              bank1        000000
__Hbank2                                                              bank2        000000
__Hbank3                                                              bank3        000000
__Hbank4                                                              bank4        000000
__Hbank5                                                              bank5        000000
__Hbigbss                                                             bigbss       000000
__Hbigdata                                                            bigdata      000000
__Hbigram                                                             bigram       000000
__Hbss                                                                bss          000000
__Hcinit                                                              cinit        000000
__Hclrtext                                                            clrtext      000000
__Hcomram                                                             comram       000000
__Hconfig                                                             config       30000E
__Hconst                                                              const        000000
__HcstackCOMRAM                                                       cstackCOMRAM 000000
__Hdata                                                               data         000000
__Heeprom_data                                                        eeprom_data  000000
__Hfarbss                                                             farbss       000000
__Hfardata                                                            fardata      000000
__Hibigdata                                                           ibigdata     000000
__Hidata                                                              idata        000000
__Hidloc                                                              idloc        200008
__Hifardata                                                           ifardata     000000
__Hinit                                                               init         000006
__Hintcode                                                            intcode      000002
__Hintcode_body                                                       intcode_body 000000
__Hintcodelo                                                          intcodelo    000002
__Hintentry                                                           intentry     000000
__Hintret                                                             intret       000000
__Hintsave_regs                                                       intsave_regs 000000
__Hirdata                                                             irdata       000000
__Hmediumconst                                                        mediumconst  000000
__HnvFARRAM                                                           nvFARRAM     000000
__Hnvbit                                                              nvbit        000000
__Hnvrram                                                             nvrram       000000
__Hparam                                                              rparam       000000
__Hpowerup                                                            powerup      000002
__Hram                                                                ram          000000
__Hramtop                                                             ramtop       000600
__Hrbit                                                               rbit         000000
__Hrbss                                                               rbss         000000
__Hrdata                                                              rdata        000000
__Hreset_vec                                                          reset_vec    000002
__Hrparam                                                             rparam       000000
__Hsfr                                                                sfr          000000
__Hsmallconst                                                         smallconst   000000
__Hspace_0                                                            (abs)        004000
__Hspace_1                                                            (abs)        000007
__Hspace_2                                                            (abs)        000000
__Hspace_4                                                            (abs)        60000E
__Hstack                                                              stack        000000
__Hstruct                                                             struct       000000
__Htemp                                                               temp         000000
__Htext                                                               text         000000
__Htext0                                                              text0        000000
__Htext1                                                              text1        000000
__LRAM                                                                (abs)        000001
__Labs1                                                               abs1         000000
__Lbank0                                                              bank0        000000
__Lbank1                                                              bank1        000000
__Lbank2                                                              bank2        000000
__Lbank3                                                              bank3        000000
__Lbank4                                                              bank4        000000
__Lbank5                                                              bank5        000000
__Lbigbss                                                             bigbss       000000
__Lbigdata                                                            bigdata      000000
__Lbigram                                                             bigram       000000
__Lbss                                                                bss          000000
__Lcinit                                                              cinit        000000
__Lclrtext                                                            clrtext      000000
__Lcomram                                                             comram       000000
__Lconfig                                                             config       000000
__Lconst                                                              const        000000
__LcstackCOMRAM                                                       cstackCOMRAM 000000
__Ldata                                                               data         000000
__Leeprom_data                                                        eeprom_data  000000
__Lfarbss                                                             farbss       000000
__Lfardata                                                            fardata      000000
__Libigdata                                                           ibigdata     000000
__Lidata                                                              idata        000000
__Lidloc                                                              idloc        000000
__Lifardata                                                           ifardata     000000
__Linit                                                               init         000002
__Lintcode                                                            intcode      000002
__Lintcode_body                                                       intcode_body 000000
__Lintcodelo                                                          intcodelo    000002
__Lintentry                                                           intentry     000000
__Lintret                                                             intret       000000
__Lintsave_regs                                                       intsave_regs 000000
__Lirdata                                                             irdata       000000
__Lmediumconst                                                        mediumconst  000000
__LnvFARRAM                                                           nvFARRAM     000000
__Lnvbit                                                              nvbit        000000
__Lnvrram                                                             nvrram       000000
__Lparam                                                              rparam       000000
__Lpowerup                                                            powerup      000002
__Lram                                                                ram          000000
__Lramtop                                                             ramtop       000600
__Lrbit                                                               rbit         000000
__Lrbss                                                               rbss         000000
__Lrdata                                                              rdata        000000
__Lreset_vec                                                          reset_vec    000000
__Lrparam                                                             rparam       000000
__Lsfr                                                                sfr          000000
__Lsmallconst                                                         smallconst   000000
__Lspace_0                                                            (abs)        000000
__Lspace_1                                                            (abs)        000000
__Lspace_2                                                            (abs)        000000
__Lspace_4                                                            (abs)        000000
__Lstack                                                              stack        000000
__Lstruct                                                             struct       000000
__Ltemp                                                               temp         000000
__Ltext                                                               text         000000
__Ltext0                                                              text0        000000
__Ltext1                                                              text1        000000
__S0                                                                  (abs)        004000
__S1                                                                  (abs)        000007
__S2                                                                  (abs)        000000
__S4                                                                  (abs)        000000
__S5                                                                  (abs)        000000
___inthi_sp                                                           stack        000000
___intlo_sp                                                           stack        000000
___param_bank                                                         (abs)        000000
___rparam_used                                                        (abs)        000001
___sp                                                                 stack        000000
__accesstop                                                           (abs)        000080
__activetblptr                                                        (abs)        000000
__cntErrataNOP_C:\Users\HUSNAI~1\AppData\Local\Temp\xcAs1mg.obj       (abs)        000001
__cntErrataNOP_dist/default/production\ADC_Converter.X.production.obj (abs)        000006
__end_of_DELAY                                                        text1        003FFE
__end_of__initialization                                              cinit        003F74
__end_of_main                                                         text0        003FBA
__initialization                                                      cinit        003F74
__mediumconst                                                         mediumconst  000000
__pcinit                                                              cinit        003F74
__pcstackCOMRAM                                                       cstackCOMRAM 000001
__ptext0                                                              text0        003F7A
__ptext1                                                              text1        003FBA
__ramtop                                                              ramtop       000600
__size_of_DELAY                                                       (abs)        000000
__size_of_main                                                        (abs)        000000
__smallconst                                                          smallconst   000000
_main                                                                 text0        003F7A
end_of_initialization                                                 cinit        003F74
intlevel0                                                             text         003F72
intlevel1                                                             text         003F72
intlevel2                                                             text         003F72
intlevel3                                                             text         003F72
isa$std                                                               (abs)        000001
isa$xinst                                                             (abs)        000000
stackhi                                                               (abs)        0005FF
stacklo                                                               (abs)        000080
start                                                                 init         000002
start_initialization                                                  cinit        003F74


MODULE INFORMATION

Module		Function		Class		Link	Load	Size
shared
		__initialization		CODE           	3F74	0000	1

shared estimated size: 1

main.c
		_main          		CODE           	3F7A	0000	64
		_DELAY         		CODE           	3FBA	0000	68

main.c estimated size: 132

